Symbol: @next_C0AA (bootram.s9) = C0AA
Symbol: @next_C100 (bootram.s9) = C100
Symbol: @wait_C0B9 (bootram.s9) = C0B9
Symbol: @wait_C0C8 (bootram.s9) = C0C8
Symbol: backsp (bootram.s9) = C189
Symbol: bootCmd (bootram.s9) = C3CD
Symbol: bootLSN.p (bootram.s9) = 068D
Symbol: bootMsg (bootram.s9) = C3E7
Symbol: bootSize (bootram.s9) = 0691
Symbol: BS (bootram.s9) = 0008
Symbol: CF.AltStatus (bootram.s9) = 0016
Symbol: CF.Command (bootram.s9) = 0007
Symbol: CF.Data (bootram.s9) = 0000
Symbol: CF.DevControl (bootram.s9) = 0016
Symbol: CF.Error (bootram.s9) = 0001
Symbol: CF.Features (bootram.s9) = 0001
Symbol: CF.LSN0 (bootram.s9) = 0003
Symbol: CF.LSN1 (bootram.s9) = 0004
Symbol: CF.LSN2 (bootram.s9) = 0005
Symbol: CF.LSN3 (bootram.s9) = 0006
Symbol: CF.SecCnt (bootram.s9) = 0002
Symbol: CF.Status (bootram.s9) = 0007
Symbol: CFBase (bootram.s9) = FF10
Symbol: cfiCont (bootram.s9) = C263
Symbol: cfiFWMsg (bootram.s9) = C35F
Symbol: cfiModelMsg (bootram.s9) = C36A
Symbol: cfInfo (bootram.s9) = C305
Symbol: cfInfoCmd (bootram.s9) = C40B
Symbol: cfinfoMsg (bootram.s9) = C416
Symbol: cfinfoUsage (bootram.s9) = C42F
Symbol: cfInit (bootram.s9) = C230
Symbol: cfiSerMsg (bootram.s9) = C354
Symbol: cfRdNext (bootram.s9) = C2C3
Symbol: cfRdWait (bootram.s9) = C2C3
Symbol: cfRead (bootram.s9) = C2B1
Symbol: cfReadBuff (bootram.s9) = C2BF
Symbol: cfSetLSN (bootram.s9) = C2ED
Symbol: cfWait (bootram.s9) = C229
Symbol: cfWrite (bootram.s9) = C2D2
Symbol: cfWrNext (bootram.s9) = C2DC
Symbol: cfWrWait (bootram.s9) = C2DC
Symbol: clearLBA (bootram.s9) = C200
Symbol: CMD.DIAG (bootram.s9) = 0090
Symbol: CMD.IDENTIFY (bootram.s9) = 00EC
Symbol: CMD.IDENTIFYDEV (bootram.s9) = 00EC
Symbol: CMD.READLONG (bootram.s9) = 0022
Symbol: CMD.RESET (bootram.s9) = 0004
Symbol: CMD.SETFEATURES (bootram.s9) = 00EF
Symbol: CMD.WRITELONG (bootram.s9) = 0032
Symbol: cmdFunc (bootram.s9) = 0401
Symbol: cmdLoop (bootram.s9) = C019
Symbol: cmdTable (bootram.s9) = C3AE
Symbol: compareCmd (bootram.s9) = C384
Symbol: conInit (bootram.s9) = C09A
Symbol: CR (bootram.s9) = 000D
Symbol: DataReg (bootram.s9) = 0001
Symbol: DD.attribs (bootram.s9) = 000D
Symbol: DD.bootLSN (bootram.s9) = 0015
Symbol: DD.bootSize (bootram.s9) = 0018
Symbol: DD.clusterSize (bootram.s9) = 0006
Symbol: DD.created (bootram.s9) = 001A
Symbol: DD.format (bootram.s9) = 0010
Symbol: DD.id (bootram.s9) = 000E
Symbol: DD.mapSize (bootram.s9) = 0004
Symbol: DD.options (bootram.s9) = 003F
Symbol: DD.owner (bootram.s9) = 000B
Symbol: DD.rootLSN (bootram.s9) = 0008
Symbol: DD.spt (bootram.s9) = 0011
Symbol: DD.totSectors (bootram.s9) = 0000
Symbol: DD.trackSize (bootram.s9) = 0003
Symbol: DD.unused1 (bootram.s9) = 0013
Symbol: DD.volName (bootram.s9) = 001F
Symbol: DEL (bootram.s9) = 007F
Symbol: doQuickByte (bootram.s9) = C514
Symbol: doQuickEnd (bootram.s9) = C541
Symbol: dot (bootram.s9) = C0D8
Symbol: FD.attribs (bootram.s9) = 0000
Symbol: FD.created (bootram.s9) = 000D
Symbol: FD.linkCount (bootram.s9) = 0008
Symbol: FD.modified (bootram.s9) = 0003
Symbol: FD.owner (bootram.s9) = 0001
Symbol: FD.segments (bootram.s9) = 0010
Symbol: FD.size (bootram.s9) = 0009
Symbol: findCmd (bootram.s9) = C375
Symbol: findEnd (bootram.s9) = C383
Symbol: findLoop (bootram.s9) = C375
Symbol: gChar (bootram.s9) = C0A5
Symbol: getLine (bootram.s9) = C15D
Symbol: glNextChar (bootram.s9) = C163
Symbol: helpCmd (bootram.s9) = C45C
Symbol: helpDone (bootram.s9) = C48C
Symbol: helpMsg (bootram.s9) = C490
Symbol: helpNext (bootram.s9) = C467
Symbol: helpSkip (bootram.s9) = C476
Symbol: InROM (bootram.s9) = C50A
Symbol: LF (bootram.s9) = 000A
Symbol: line (bootram.s9) = 0403
Symbol: loadboot (bootram.s9) = C4A8
Symbol: loadMBR (bootram.s9) = C1F7
Symbol: lsn.p (bootram.s9) = 0685
Symbol: MAXLINE (bootram.s9) = 0080
Symbol: MBRLBA (bootram.s9) = C1F3
Symbol: mcDone (bootram.s9) = C3AC
Symbol: mcFail (bootram.s9) = C3A9
Symbol: mcFullMatch (bootram.s9) = C39E
Symbol: mcHalfMatch (bootram.s9) = C394
Symbol: mcNext (bootram.s9) = C38A
Symbol: mcNoMatch (bootram.s9) = C3A2
Symbol: MMUBase (bootram.s9) = FF40
Symbol: newline (bootram.s9) = C1A0
Symbol: noCF (bootram.s9) = C25C
Symbol: noCFMsg (bootram.s9) = C279
Symbol: noHelp (bootram.s9) = C487
Symbol: noMatch (bootram.s9) = C383
Symbol: notDot (bootram.s9) = C0DA
Symbol: os9check (bootram.s9) = C4A7
Symbol: p1hex (bootram.s9) = C131
Symbol: p1hexNum (bootram.s9) = C13D
Symbol: p1hexPr (bootram.s9) = C13F
Symbol: p2hex (bootram.s9) = C121
Symbol: p4hex (bootram.s9) = C117
Symbol: pChar (bootram.s9) = C0B4
Symbol: pLBA (bootram.s9) = C10B
Symbol: pNL (bootram.s9) = C143
Symbol: pnpStr (bootram.s9) = C0FB
Symbol: pnpStrEnd (bootram.s9) = C109
Symbol: pnStr (bootram.s9) = C0EA
Symbol: pnStrEnd (bootram.s9) = C0F9
Symbol: pnStrNext (bootram.s9) = C0F0
Symbol: ppChar (bootram.s9) = C0C3
Symbol: pQuad.p (bootram.s9) = C151
Symbol: priCFMsg (bootram.s9) = C291
Symbol: pStr (bootram.s9) = C0DE
Symbol: pStrEnd (bootram.s9) = C0E8
Symbol: pStrNext (bootram.s9) = C0E0
Symbol: quickMemCheck (bootram.s9) = C4FE
Symbol: RAMBase (bootram.s9) = 0000
Symbol: ramEnd (bootram.s9) = 0683
Symbol: rdBlock (bootram.s9) = C1A8
Symbol: rdWait (bootram.s9) = C1BE
Symbol: rdWtRdy (bootram.s9) = C1AE
Symbol: RegBase (bootram.s9) = FF30
Symbol: RESET (bootram.s9) = C000
Symbol: ROMBase (bootram.s9) = E000
Symbol: ROMSize (bootram.s9) = 2000
Symbol: rootLSN.p (bootram.s9) = 0689
Symbol: sdCard (bootram.s9) = FFD8
Symbol: sdCtrl (bootram.s9) = 0001
Symbol: sdData (bootram.s9) = 0000
Symbol: sdLBA0 (bootram.s9) = 0002
Symbol: sdLBA1 (bootram.s9) = 0003
Symbol: sdLBA2 (bootram.s9) = 0004
Symbol: sdLBA3 (bootram.s9) = 0005
Symbol: sdStatus (bootram.s9) = 0001
Symbol: secBuff (bootram.s9) = 0483
Symbol: secCFMsg (bootram.s9) = C2A1
Symbol: secPres (bootram.s9) = C252
Symbol: SECSIZE (bootram.s9) = 0200
Symbol: setLBA (bootram.s9) = C20E
Symbol: sizeof{DD} (bootram.s9) = 005F
Symbol: sizeof{FD} (bootram.s9) = 0100
Symbol: SR.BSYMask (bootram.s9) = 0080
Symbol: SR.CORRMask (bootram.s9) = 0004
Symbol: SR.DFMask (bootram.s9) = 0020
Symbol: SR.DRDYMask (bootram.s9) = 0040
Symbol: SR.DRQMask (bootram.s9) = 0008
Symbol: SR.DSCMask (bootram.s9) = 0010
Symbol: SR.ERRMask (bootram.s9) = 0001
Symbol: SR.IDXMask (bootram.s9) = 0002
Symbol: Start (bootram.s9) = C000
Symbol: StatusReg (bootram.s9) = 0000
Symbol: SWI0 (bootram.s9) = C4F5
Symbol: SWI1 (bootram.s9) = C4FB
Symbol: SWIDone (bootram.s9) = C4F4
Symbol: SWIend (bootram.s9) = C4F4
Symbol: swiHand (bootram.s9) = C4D8
Symbol: SWIMax (bootram.s9) = 0002
Symbol: SWITable (bootram.s9) = C4F0
Symbol: temp (bootram.s9) = 0400
Symbol: Uart0Base (bootram.s9) = FF00
Symbol: unkCmd (bootram.s9) = C03C
Symbol: unknownCmd (bootram.s9) = C087
Symbol: WelcomeMsg (bootram.s9) = C045
Symbol: wrBlock (bootram.s9) = C1CE
Symbol: wrWait (bootram.s9) = C1E3
Symbol: wrWtRdy (bootram.s9) = C1D4
