Symbol: @next_C0B0 (bootram.s9) = C0B0
Symbol: @next_C106 (bootram.s9) = C106
Symbol: @wait_C0BF (bootram.s9) = C0BF
Symbol: @wait_C0CE (bootram.s9) = C0CE
Symbol: backsp (bootram.s9) = C18F
Symbol: bootCmd (bootram.s9) = C352
Symbol: bootLSN.p (bootram.s9) = 068D
Symbol: bootMsg (bootram.s9) = C36C
Symbol: bootSize (bootram.s9) = 0691
Symbol: BS (bootram.s9) = 0008
Symbol: CF.AltStatus (bootram.s9) = 0016
Symbol: CF.Command (bootram.s9) = 0007
Symbol: CF.Data (bootram.s9) = 0000
Symbol: CF.DevControl (bootram.s9) = 0016
Symbol: CF.Error (bootram.s9) = 0001
Symbol: CF.Features (bootram.s9) = 0001
Symbol: CF.LSN0 (bootram.s9) = 0003
Symbol: CF.LSN1 (bootram.s9) = 0004
Symbol: CF.LSN2 (bootram.s9) = 0005
Symbol: CF.LSN3 (bootram.s9) = 0006
Symbol: CF.SecCnt (bootram.s9) = 0002
Symbol: CF.Status (bootram.s9) = 0007
Symbol: CFBase (bootram.s9) = FF10
Symbol: cfiCont (bootram.s9) = C1E8
Symbol: cfiFWMsg (bootram.s9) = C2E4
Symbol: cfiModelMsg (bootram.s9) = C2EF
Symbol: cfInfo (bootram.s9) = C28A
Symbol: cfInfoCmd (bootram.s9) = C390
Symbol: cfinfoMsg (bootram.s9) = C39B
Symbol: cfinfoUsage (bootram.s9) = C3B4
Symbol: cfInit (bootram.s9) = C1B5
Symbol: cfiSerMsg (bootram.s9) = C2D9
Symbol: cfRdNext (bootram.s9) = C248
Symbol: cfRdWait (bootram.s9) = C248
Symbol: cfRead (bootram.s9) = C236
Symbol: cfReadBuff (bootram.s9) = C244
Symbol: cfSetLSN (bootram.s9) = C272
Symbol: cfWait (bootram.s9) = C1AE
Symbol: cfWrite (bootram.s9) = C257
Symbol: cfWrNext (bootram.s9) = C261
Symbol: cfWrWait (bootram.s9) = C261
Symbol: CMD.DIAG (bootram.s9) = 0090
Symbol: CMD.IDENTIFY (bootram.s9) = 00EC
Symbol: CMD.IDENTIFYDEV (bootram.s9) = 00EC
Symbol: CMD.READLONG (bootram.s9) = 0022
Symbol: CMD.RESET (bootram.s9) = 0004
Symbol: CMD.SETFEATURES (bootram.s9) = 00EF
Symbol: CMD.WRITELONG (bootram.s9) = 0032
Symbol: cmdFunc (bootram.s9) = 0401
Symbol: cmdLoop (bootram.s9) = C01F
Symbol: cmdTable (bootram.s9) = C333
Symbol: compareCmd (bootram.s9) = C309
Symbol: conInit (bootram.s9) = C0A0
Symbol: CR (bootram.s9) = 000D
Symbol: DataReg (bootram.s9) = 0001
Symbol: DD.attribs (bootram.s9) = 000D
Symbol: DD.bootLSN (bootram.s9) = 0015
Symbol: DD.bootSize (bootram.s9) = 0018
Symbol: DD.clusterSize (bootram.s9) = 0006
Symbol: DD.created (bootram.s9) = 001A
Symbol: DD.format (bootram.s9) = 0010
Symbol: DD.id (bootram.s9) = 000E
Symbol: DD.mapSize (bootram.s9) = 0004
Symbol: DD.options (bootram.s9) = 003F
Symbol: DD.owner (bootram.s9) = 000B
Symbol: DD.rootLSN (bootram.s9) = 0008
Symbol: DD.spt (bootram.s9) = 0011
Symbol: DD.totSectors (bootram.s9) = 0000
Symbol: DD.trackSize (bootram.s9) = 0003
Symbol: DD.unused1 (bootram.s9) = 0013
Symbol: DD.volName (bootram.s9) = 001F
Symbol: DEL (bootram.s9) = 007F
Symbol: doQuickByte (bootram.s9) = C498
Symbol: doQuickEnd (bootram.s9) = C4A4
Symbol: dot (bootram.s9) = C0DE
Symbol: FD.attribs (bootram.s9) = 0000
Symbol: FD.created (bootram.s9) = 000D
Symbol: FD.linkCount (bootram.s9) = 0008
Symbol: FD.modified (bootram.s9) = 0003
Symbol: FD.owner (bootram.s9) = 0001
Symbol: FD.segments (bootram.s9) = 0010
Symbol: FD.size (bootram.s9) = 0009
Symbol: findCmd (bootram.s9) = C2FA
Symbol: findEnd (bootram.s9) = C308
Symbol: findLoop (bootram.s9) = C2FA
Symbol: gChar (bootram.s9) = C0AB
Symbol: getLine (bootram.s9) = C163
Symbol: glNextChar (bootram.s9) = C169
Symbol: helpCmd (bootram.s9) = C3E1
Symbol: helpDone (bootram.s9) = C411
Symbol: helpMsg (bootram.s9) = C415
Symbol: helpNext (bootram.s9) = C3EC
Symbol: helpSkip (bootram.s9) = C3FB
Symbol: InROM (bootram.s9) = C48F
Symbol: LF (bootram.s9) = 000A
Symbol: line (bootram.s9) = 0403
Symbol: loadboot (bootram.s9) = C42D
Symbol: lsn.p (bootram.s9) = 0685
Symbol: MAXLINE (bootram.s9) = 0080
Symbol: mcDone (bootram.s9) = C331
Symbol: mcFail (bootram.s9) = C32E
Symbol: mcFullMatch (bootram.s9) = C323
Symbol: mcHalfMatch (bootram.s9) = C319
Symbol: mcNext (bootram.s9) = C30F
Symbol: mcNoMatch (bootram.s9) = C327
Symbol: MMUBase (bootram.s9) = FF40
Symbol: newline (bootram.s9) = C1A6
Symbol: noCF (bootram.s9) = C1E1
Symbol: noCFMsg (bootram.s9) = C1FE
Symbol: noHelp (bootram.s9) = C40C
Symbol: noMatch (bootram.s9) = C308
Symbol: notDot (bootram.s9) = C0E0
Symbol: os9check (bootram.s9) = C42C
Symbol: p1hex (bootram.s9) = C137
Symbol: p1hexNum (bootram.s9) = C143
Symbol: p1hexPr (bootram.s9) = C145
Symbol: p2hex (bootram.s9) = C127
Symbol: p4hex (bootram.s9) = C11D
Symbol: pChar (bootram.s9) = C0BA
Symbol: pLBA (bootram.s9) = C111
Symbol: pNL (bootram.s9) = C149
Symbol: pnpStr (bootram.s9) = C101
Symbol: pnpStrEnd (bootram.s9) = C10F
Symbol: pnStr (bootram.s9) = C0F0
Symbol: pnStrEnd (bootram.s9) = C0FF
Symbol: pnStrNext (bootram.s9) = C0F6
Symbol: ppChar (bootram.s9) = C0C9
Symbol: pQuad.p (bootram.s9) = C157
Symbol: priCFMsg (bootram.s9) = C216
Symbol: pStr (bootram.s9) = C0E4
Symbol: pStrEnd (bootram.s9) = C0EE
Symbol: pStrNext (bootram.s9) = C0E6
Symbol: quickMemCheck (bootram.s9) = C483
Symbol: RAMBase (bootram.s9) = 0000
Symbol: ramEnd (bootram.s9) = 0683
Symbol: RegBase (bootram.s9) = FF30
Symbol: RESET (bootram.s9) = C000
Symbol: ROMBase (bootram.s9) = E000
Symbol: ROMSize (bootram.s9) = 2000
Symbol: rootLSN.p (bootram.s9) = 0689
Symbol: secBuff (bootram.s9) = 0483
Symbol: secCFMsg (bootram.s9) = C226
Symbol: secPres (bootram.s9) = C1D7
Symbol: SECSIZE (bootram.s9) = 0200
Symbol: sizeof{DD} (bootram.s9) = 005F
Symbol: sizeof{FD} (bootram.s9) = 0100
Symbol: SR.BSYMask (bootram.s9) = 0080
Symbol: SR.CORRMask (bootram.s9) = 0004
Symbol: SR.DFMask (bootram.s9) = 0020
Symbol: SR.DRDYMask (bootram.s9) = 0040
Symbol: SR.DRQMask (bootram.s9) = 0008
Symbol: SR.DSCMask (bootram.s9) = 0010
Symbol: SR.ERRMask (bootram.s9) = 0001
Symbol: SR.IDXMask (bootram.s9) = 0002
Symbol: Start (bootram.s9) = C000
Symbol: StatusReg (bootram.s9) = 0000
Symbol: SWI0 (bootram.s9) = C47A
Symbol: SWI1 (bootram.s9) = C480
Symbol: SWIDone (bootram.s9) = C479
Symbol: SWIend (bootram.s9) = C479
Symbol: swiHand (bootram.s9) = C45D
Symbol: SWIMax (bootram.s9) = 0002
Symbol: SWITable (bootram.s9) = C475
Symbol: temp (bootram.s9) = 0400
Symbol: Uart0Base (bootram.s9) = FF00
Symbol: unkCmd (bootram.s9) = C042
Symbol: unknownCmd (bootram.s9) = C08D
Symbol: WelcomeMsg (bootram.s9) = C04B
