Symbol: @next_C0A8 (bootram.s9) = C0A8
Symbol: @next_C0FE (bootram.s9) = C0FE
Symbol: @wait_C0B7 (bootram.s9) = C0B7
Symbol: @wait_C0C6 (bootram.s9) = C0C6
Symbol: backsp (bootram.s9) = C187
Symbol: bootCmd (bootram.s9) = C34A
Symbol: bootLSN.p (bootram.s9) = 068D
Symbol: bootMsg (bootram.s9) = C364
Symbol: bootSize (bootram.s9) = 0691
Symbol: BS (bootram.s9) = 0008
Symbol: CF.AltStatus (bootram.s9) = 0016
Symbol: CF.Command (bootram.s9) = 0007
Symbol: CF.Data (bootram.s9) = 0000
Symbol: CF.DevControl (bootram.s9) = 0016
Symbol: CF.Error (bootram.s9) = 0001
Symbol: CF.Features (bootram.s9) = 0001
Symbol: CF.LSN0 (bootram.s9) = 0003
Symbol: CF.LSN1 (bootram.s9) = 0004
Symbol: CF.LSN2 (bootram.s9) = 0005
Symbol: CF.LSN3 (bootram.s9) = 0006
Symbol: CF.SecCnt (bootram.s9) = 0002
Symbol: CF.Status (bootram.s9) = 0007
Symbol: CFBase (bootram.s9) = FF10
Symbol: cfiCont (bootram.s9) = C1E0
Symbol: cfiFWMsg (bootram.s9) = C2DC
Symbol: cfiModelMsg (bootram.s9) = C2E7
Symbol: cfInfo (bootram.s9) = C282
Symbol: cfInfoCmd (bootram.s9) = C388
Symbol: cfinfoMsg (bootram.s9) = C393
Symbol: cfinfoUsage (bootram.s9) = C3AC
Symbol: cfInit (bootram.s9) = C1AD
Symbol: cfiSerMsg (bootram.s9) = C2D1
Symbol: cfRdNext (bootram.s9) = C240
Symbol: cfRdWait (bootram.s9) = C240
Symbol: cfRead (bootram.s9) = C22E
Symbol: cfReadBuff (bootram.s9) = C23C
Symbol: cfSetLSN (bootram.s9) = C26A
Symbol: cfWait (bootram.s9) = C1A6
Symbol: cfWrite (bootram.s9) = C24F
Symbol: cfWrNext (bootram.s9) = C259
Symbol: cfWrWait (bootram.s9) = C259
Symbol: CMD.DIAG (bootram.s9) = 0090
Symbol: CMD.IDENTIFY (bootram.s9) = 00EC
Symbol: CMD.IDENTIFYDEV (bootram.s9) = 00EC
Symbol: CMD.READLONG (bootram.s9) = 0022
Symbol: CMD.RESET (bootram.s9) = 0004
Symbol: CMD.SETFEATURES (bootram.s9) = 00EF
Symbol: CMD.WRITELONG (bootram.s9) = 0032
Symbol: cmdFunc (bootram.s9) = 0401
Symbol: cmdLoop (bootram.s9) = C017
Symbol: cmdTable (bootram.s9) = C32B
Symbol: compareCmd (bootram.s9) = C301
Symbol: conInit (bootram.s9) = C098
Symbol: CR (bootram.s9) = 000D
Symbol: DataReg (bootram.s9) = 0001
Symbol: DD.attribs (bootram.s9) = 000D
Symbol: DD.bootLSN (bootram.s9) = 0015
Symbol: DD.bootSize (bootram.s9) = 0018
Symbol: DD.clusterSize (bootram.s9) = 0006
Symbol: DD.created (bootram.s9) = 001A
Symbol: DD.format (bootram.s9) = 0010
Symbol: DD.id (bootram.s9) = 000E
Symbol: DD.mapSize (bootram.s9) = 0004
Symbol: DD.options (bootram.s9) = 003F
Symbol: DD.owner (bootram.s9) = 000B
Symbol: DD.rootLSN (bootram.s9) = 0008
Symbol: DD.spt (bootram.s9) = 0011
Symbol: DD.totSectors (bootram.s9) = 0000
Symbol: DD.trackSize (bootram.s9) = 0003
Symbol: DD.unused1 (bootram.s9) = 0013
Symbol: DD.volName (bootram.s9) = 001F
Symbol: DEL (bootram.s9) = 007F
Symbol: doQuickByte (bootram.s9) = C492
Symbol: doQuickEnd (bootram.s9) = C4BE
Symbol: dot (bootram.s9) = C0D6
Symbol: FD.attribs (bootram.s9) = 0000
Symbol: FD.created (bootram.s9) = 000D
Symbol: FD.linkCount (bootram.s9) = 0008
Symbol: FD.modified (bootram.s9) = 0003
Symbol: FD.owner (bootram.s9) = 0001
Symbol: FD.segments (bootram.s9) = 0010
Symbol: FD.size (bootram.s9) = 0009
Symbol: findCmd (bootram.s9) = C2F2
Symbol: findEnd (bootram.s9) = C300
Symbol: findLoop (bootram.s9) = C2F2
Symbol: gChar (bootram.s9) = C0A3
Symbol: getLine (bootram.s9) = C15B
Symbol: glNextChar (bootram.s9) = C161
Symbol: helpCmd (bootram.s9) = C3D9
Symbol: helpDone (bootram.s9) = C409
Symbol: helpMsg (bootram.s9) = C40D
Symbol: helpNext (bootram.s9) = C3E4
Symbol: helpSkip (bootram.s9) = C3F3
Symbol: InROM (bootram.s9) = C487
Symbol: LF (bootram.s9) = 000A
Symbol: line (bootram.s9) = 0403
Symbol: loadboot (bootram.s9) = C425
Symbol: lsn.p (bootram.s9) = 0685
Symbol: MAXLINE (bootram.s9) = 0080
Symbol: mcDone (bootram.s9) = C329
Symbol: mcFail (bootram.s9) = C326
Symbol: mcFullMatch (bootram.s9) = C31B
Symbol: mcHalfMatch (bootram.s9) = C311
Symbol: mcNext (bootram.s9) = C307
Symbol: mcNoMatch (bootram.s9) = C31F
Symbol: MMUBase (bootram.s9) = FF40
Symbol: newline (bootram.s9) = C19E
Symbol: noCF (bootram.s9) = C1D9
Symbol: noCFMsg (bootram.s9) = C1F6
Symbol: noHelp (bootram.s9) = C404
Symbol: noMatch (bootram.s9) = C300
Symbol: notDot (bootram.s9) = C0D8
Symbol: os9check (bootram.s9) = C424
Symbol: p1hex (bootram.s9) = C12F
Symbol: p1hexNum (bootram.s9) = C13B
Symbol: p1hexPr (bootram.s9) = C13D
Symbol: p2hex (bootram.s9) = C11F
Symbol: p4hex (bootram.s9) = C115
Symbol: pChar (bootram.s9) = C0B2
Symbol: pLBA (bootram.s9) = C109
Symbol: pNL (bootram.s9) = C141
Symbol: pnpStr (bootram.s9) = C0F9
Symbol: pnpStrEnd (bootram.s9) = C107
Symbol: pnStr (bootram.s9) = C0E8
Symbol: pnStrEnd (bootram.s9) = C0F7
Symbol: pnStrNext (bootram.s9) = C0EE
Symbol: ppChar (bootram.s9) = C0C1
Symbol: pQuad.p (bootram.s9) = C14F
Symbol: priCFMsg (bootram.s9) = C20E
Symbol: pStr (bootram.s9) = C0DC
Symbol: pStrEnd (bootram.s9) = C0E6
Symbol: pStrNext (bootram.s9) = C0DE
Symbol: quickMemCheck (bootram.s9) = C47B
Symbol: RAMBase (bootram.s9) = 0000
Symbol: ramEnd (bootram.s9) = 0683
Symbol: RegBase (bootram.s9) = FF30
Symbol: RESET (bootram.s9) = C000
Symbol: ROMBase (bootram.s9) = E000
Symbol: ROMSize (bootram.s9) = 2000
Symbol: rootLSN.p (bootram.s9) = 0689
Symbol: secBuff (bootram.s9) = 0483
Symbol: secCFMsg (bootram.s9) = C21E
Symbol: secPres (bootram.s9) = C1CF
Symbol: SECSIZE (bootram.s9) = 0200
Symbol: sizeof{DD} (bootram.s9) = 005F
Symbol: sizeof{FD} (bootram.s9) = 0100
Symbol: SR.BSYMask (bootram.s9) = 0080
Symbol: SR.CORRMask (bootram.s9) = 0004
Symbol: SR.DFMask (bootram.s9) = 0020
Symbol: SR.DRDYMask (bootram.s9) = 0040
Symbol: SR.DRQMask (bootram.s9) = 0008
Symbol: SR.DSCMask (bootram.s9) = 0010
Symbol: SR.ERRMask (bootram.s9) = 0001
Symbol: SR.IDXMask (bootram.s9) = 0002
Symbol: Start (bootram.s9) = C000
Symbol: StatusReg (bootram.s9) = 0000
Symbol: SWI0 (bootram.s9) = C472
Symbol: SWI1 (bootram.s9) = C478
Symbol: SWIDone (bootram.s9) = C471
Symbol: SWIend (bootram.s9) = C471
Symbol: swiHand (bootram.s9) = C455
Symbol: SWIMax (bootram.s9) = 0002
Symbol: SWITable (bootram.s9) = C46D
Symbol: temp (bootram.s9) = 0400
Symbol: Uart0Base (bootram.s9) = FF00
Symbol: unkCmd (bootram.s9) = C03A
Symbol: unknownCmd (bootram.s9) = C085
Symbol: WelcomeMsg (bootram.s9) = C043
