Symbol: @next_C12D (bootram.s9) = C12D
Symbol: @next_C190 (bootram.s9) = C190
Symbol: @wait_C13C (bootram.s9) = C13C
Symbol: @wait_C14B (bootram.s9) = C14B
Symbol: backsp (bootram.s9) = C22C
Symbol: bootCmd (bootram.s9) = C47F
Symbol: bootLSN.p (bootram.s9) = 088D
Symbol: bootMsg (bootram.s9) = C499
Symbol: BOOTROM (bootram.s9) = 0000
Symbol: bootSize (bootram.s9) = 0891
Symbol: BS (bootram.s9) = 0008
Symbol: CF.AltStatus (bootram.s9) = 0016
Symbol: CF.Command (bootram.s9) = 0007
Symbol: CF.Data (bootram.s9) = 0000
Symbol: CF.DevControl (bootram.s9) = 0016
Symbol: CF.Error (bootram.s9) = 0001
Symbol: CF.Features (bootram.s9) = 0001
Symbol: CF.LSN0 (bootram.s9) = 0003
Symbol: CF.LSN1 (bootram.s9) = 0004
Symbol: CF.LSN2 (bootram.s9) = 0005
Symbol: CF.LSN3 (bootram.s9) = 0006
Symbol: CF.SecCnt (bootram.s9) = 0002
Symbol: CF.Status (bootram.s9) = 0007
Symbol: CFBase (bootram.s9) = FF10
Symbol: cfiCont (bootram.s9) = C2FD
Symbol: cfiFWMsg (bootram.s9) = C3FA
Symbol: cfiModelMsg (bootram.s9) = C405
Symbol: cfInfo (bootram.s9) = C3A0
Symbol: cfInfoCmd (bootram.s9) = C520
Symbol: cfinfoMsg (bootram.s9) = C52B
Symbol: cfinfoUsage (bootram.s9) = C544
Symbol: cfInit (bootram.s9) = C2CA
Symbol: cfiSerMsg (bootram.s9) = C3EF
Symbol: cfRdNext (bootram.s9) = C35E
Symbol: cfRdWait (bootram.s9) = C35E
Symbol: cfRead (bootram.s9) = C34B
Symbol: cfReadBuff (bootram.s9) = C35A
Symbol: cfSetLSN (bootram.s9) = C388
Symbol: cfWait (bootram.s9) = C2C3
Symbol: cfWrite (bootram.s9) = C36D
Symbol: cfWrNext (bootram.s9) = C377
Symbol: cfWrWait (bootram.s9) = C377
Symbol: clearLBA (bootram.s9) = C29A
Symbol: CMD.DIAG (bootram.s9) = 0090
Symbol: CMD.IDENTIFY (bootram.s9) = 00EC
Symbol: CMD.IDENTIFYDEV (bootram.s9) = 00EC
Symbol: CMD.READLONG (bootram.s9) = 0022
Symbol: CMD.RESET (bootram.s9) = 0004
Symbol: CMD.SETFEATURES (bootram.s9) = 00EF
Symbol: CMD.WRITELONG (bootram.s9) = 0032
Symbol: cmdFunc (bootram.s9) = 0401
Symbol: cmdLoop (bootram.s9) = C02A
Symbol: cmdTable (bootram.s9) = C457
Symbol: CommandMsg (bootram.s9) = C099
Symbol: compareCmd (bootram.s9) = C422
Symbol: conInit (bootram.s9) = C11D
Symbol: CR (bootram.s9) = 000D
Symbol: DataReg (bootram.s9) = 0001
Symbol: DD.attribs (bootram.s9) = 000D
Symbol: DD.bootLSN (bootram.s9) = 0015
Symbol: DD.bootSize (bootram.s9) = 0018
Symbol: DD.clusterSize (bootram.s9) = 0006
Symbol: DD.created (bootram.s9) = 001A
Symbol: DD.format (bootram.s9) = 0010
Symbol: DD.id (bootram.s9) = 000E
Symbol: DD.mapSize (bootram.s9) = 0004
Symbol: DD.options (bootram.s9) = 003F
Symbol: DD.owner (bootram.s9) = 000B
Symbol: DD.rootLSN (bootram.s9) = 0008
Symbol: DD.spt (bootram.s9) = 0011
Symbol: DD.totSectors (bootram.s9) = 0000
Symbol: DD.trackSize (bootram.s9) = 0003
Symbol: DD.unused1 (bootram.s9) = 0013
Symbol: DD.volName (bootram.s9) = 001F
Symbol: DEL (bootram.s9) = 007F
Symbol: dkInit (bootram.s9) = C24B
Symbol: dkReadLSN (bootram.s9) = C24C
Symbol: dkWriteLSN (bootram.s9) = C24D
Symbol: doQuickByte (bootram.s9) = C0EA
Symbol: doQuickEnd (bootram.s9) = C119
Symbol: dot (bootram.s9) = C160
Symbol: FD.attribs (bootram.s9) = 0000
Symbol: FD.created (bootram.s9) = 000D
Symbol: FD.linkCount (bootram.s9) = 0008
Symbol: FD.modified (bootram.s9) = 0003
Symbol: FD.owner (bootram.s9) = 0001
Symbol: FD.segments (bootram.s9) = 0010
Symbol: FD.size (bootram.s9) = 0009
Symbol: findCmd (bootram.s9) = C410
Symbol: findEnd (bootram.s9) = C421
Symbol: findLoop (bootram.s9) = C410
Symbol: gChar (bootram.s9) = C128
Symbol: getLine (bootram.s9) = C1F8
Symbol: glNextChar (bootram.s9) = C1FE
Symbol: helpCmd (bootram.s9) = C571
Symbol: helpDone (bootram.s9) = C5A5
Symbol: helpMsg (bootram.s9) = C5A9
Symbol: helpNext (bootram.s9) = C57C
Symbol: helpSkip (bootram.s9) = C58D
Symbol: InROM (bootram.s9) = C0E0
Symbol: LF (bootram.s9) = 000A
Symbol: line (bootram.s9) = 0403
Symbol: loadboot (bootram.s9) = C5C1
Symbol: loadCmd (bootram.s9) = C4BD
Symbol: loadMsg (bootram.s9) = C4C5
Symbol: loadUsage (bootram.s9) = C4ED
Symbol: lsn.p (bootram.s9) = 0885
Symbol: MAXLINE (bootram.s9) = 0080
Symbol: mcDone (bootram.s9) = C455
Symbol: mcFail (bootram.s9) = C452
Symbol: mcFullMatch (bootram.s9) = C444
Symbol: mcHalfMatch (bootram.s9) = C435
Symbol: mcNext (bootram.s9) = C428
Symbol: mcNoMatch (bootram.s9) = C449
Symbol: MemoryMsg (bootram.s9) = C08B
Symbol: MMUBase (bootram.s9) = FF40
Symbol: newline (bootram.s9) = C243
Symbol: noCF (bootram.s9) = C2F6
Symbol: noCFMsg (bootram.s9) = C313
Symbol: noHelp (bootram.s9) = C5A0
Symbol: noMatch (bootram.s9) = C421
Symbol: notDot (bootram.s9) = C162
Symbol: os9check (bootram.s9) = C5C0
Symbol: p1hex (bootram.s9) = C1C9
Symbol: p1hexNum (bootram.s9) = C1D8
Symbol: p1hexPr (bootram.s9) = C1DA
Symbol: p2hex (bootram.s9) = C1B7
Symbol: p4hex (bootram.s9) = C1AB
Symbol: pChar (bootram.s9) = C137
Symbol: pLBA (bootram.s9) = C19D
Symbol: pNL (bootram.s9) = C1DE
Symbol: pnpStr (bootram.s9) = C189
Symbol: pnpStrEnd (bootram.s9) = C19B
Symbol: pnStr (bootram.s9) = C174
Symbol: pnStrEnd (bootram.s9) = C187
Symbol: pnStrNext (bootram.s9) = C17C
Symbol: ppChar (bootram.s9) = C146
Symbol: pQuad.p (bootram.s9) = C1EC
Symbol: priCFMsg (bootram.s9) = C32B
Symbol: pStr (bootram.s9) = C166
Symbol: pStrEnd (bootram.s9) = C172
Symbol: pStrNext (bootram.s9) = C168
Symbol: quickMemCheck (bootram.s9) = C0D2
Symbol: RAMBase (bootram.s9) = 0000
Symbol: ramEnd (bootram.s9) = 0883
Symbol: rdWait (bootram.s9) = C264
Symbol: rdWtRdy (bootram.s9) = C254
Symbol: RegBase (bootram.s9) = FF30
Symbol: RESET (bootram.s9) = C000
Symbol: ROMBase (bootram.s9) = E000
Symbol: ROMSize (bootram.s9) = 2000
Symbol: rootLSN.p (bootram.s9) = 0889
Symbol: SD.Ctrl (bootram.s9) = 0001
Symbol: SD.Data (bootram.s9) = 0000
Symbol: SD.LBA0 (bootram.s9) = 0002
Symbol: SD.LBA1 (bootram.s9) = 0003
Symbol: SD.LBA2 (bootram.s9) = 0004
Symbol: SD.LBA3 (bootram.s9) = 0005
Symbol: SD.Status (bootram.s9) = 0001
Symbol: SDBase (bootram.s9) = FFD8
Symbol: sdRdBlock (bootram.s9) = C24E
Symbol: sdWrBlock (bootram.s9) = C274
Symbol: secBuff (bootram.s9) = 0483
Symbol: secCFMsg (bootram.s9) = C33B
Symbol: secPres (bootram.s9) = C2EC
Symbol: SECSIZE (bootram.s9) = 0200
Symbol: setLBA (bootram.s9) = C2A8
Symbol: sizeof{DD} (bootram.s9) = 005F
Symbol: sizeof{FD} (bootram.s9) = 0100
Symbol: SR.BSYMask (bootram.s9) = 0080
Symbol: SR.CORRMask (bootram.s9) = 0004
Symbol: SR.DFMask (bootram.s9) = 0020
Symbol: SR.DRDYMask (bootram.s9) = 0040
Symbol: SR.DRQMask (bootram.s9) = 0008
Symbol: SR.DSCMask (bootram.s9) = 0010
Symbol: SR.ERRMask (bootram.s9) = 0001
Symbol: SR.IDXMask (bootram.s9) = 0002
Symbol: Start (bootram.s9) = C000
Symbol: StatusReg (bootram.s9) = 0000
Symbol: SWI0 (bootram.s9) = C613
Symbol: SWI1 (bootram.s9) = C619
Symbol: SWIDone (bootram.s9) = C612
Symbol: SWIend (bootram.s9) = C612
Symbol: swiHand (bootram.s9) = C5F1
Symbol: SWIMax (bootram.s9) = 0002
Symbol: SWITable (bootram.s9) = C60E
Symbol: temp (bootram.s9) = 0400
Symbol: Uart0Base (bootram.s9) = FF00
Symbol: unkCmd (bootram.s9) = C04D
Symbol: unknownCmd (bootram.s9) = C0BF
Symbol: WelcomeMsg (bootram.s9) = C056
Symbol: wrWait (bootram.s9) = C28A
Symbol: wrWtRdy (bootram.s9) = C27A
